14:27:29 **** Auto Build of configuration Debug for project GPIO_LED_BUTTONS_INTP ****
make pre-build main-build 
a9-linaro-pre-build-step
' '
'Building file: ../src/helloworld.c'
'Invoking: ARM v7 gcc compiler'
arm-none-eabi-gcc -Wall -O0 -g3 -c -fmessage-length=0 -MT"src/helloworld.o" -mcpu=cortex-a9 -mfpu=vfpv3 -mfloat-abi=hard -I../../GPIO_LED_BUTTONS_INTP_bsp/ps7_cortexa9_0/include -MMD -MP -MF"src/helloworld.d" -MT"src/helloworld.o" -o "src/helloworld.o" "../src/helloworld.c"
'Finished building: ../src/helloworld.c'
' '
'Building target: GPIO_LED_BUTTONS_INTP.elf'
'Invoking: ARM v7 gcc linker'
arm-none-eabi-gcc -mcpu=cortex-a9 -mfpu=vfpv3 -mfloat-abi=hard -Wl,-build-id=none -specs=Xilinx.spec -Wl,-T -Wl,../src/lscript.ld -L../../GPIO_LED_BUTTONS_INTP_bsp/ps7_cortexa9_0/lib -o "GPIO_LED_BUTTONS_INTP.elf"  ./src/helloworld.o ./src/platform.o   -Wl,--start-group,-lxil,-lgcc,-lc,--end-group
'Finished building target: GPIO_LED_BUTTONS_INTP.elf'
' '
'Invoking: ARM v7 Print Size'
arm-none-eabi-size GPIO_LED_BUTTONS_INTP.elf  |tee "GPIO_LED_BUTTONS_INTP.elf.size"
   text	   data	    bss	    dec	    hex	filename
  27664	   2756	  22632	  53052	   cf3c	GPIO_LED_BUTTONS_INTP.elf
'Finished building: GPIO_LED_BUTTONS_INTP.elf.size'
' '

14:27:31 Build Finished (took 1s.460ms)

